  console.error
    Caught AggregateError issues: [
      ReferenceError: MessageChannel is not defined
          at macroTask (/Users/wagnertaiatella/repos/applyCopilot/frontend/node_modules/@rc-component/form/lib/hooks/useNotifyWatch.js:12:19)
          at WatcherCenter.doBatch (/Users/wagnertaiatella/repos/applyCopilot/frontend/node_modules/@rc-component/form/lib/hooks/useNotifyWatch.js:43:5)
          at WatcherCenter.notify (/Users/wagnertaiatella/repos/applyCopilot/frontend/node_modules/@rc-component/form/lib/hooks/useNotifyWatch.js:38:10)
          at FormStore.notifyWatch (/Users/wagnertaiatella/repos/applyCopilot/frontend/node_modules/@rc-component/form/lib/hooks/useForm.js:141:24)
          at registerField (/Users/wagnertaiatella/repos/applyCopilot/frontend/node_modules/@rc-component/form/lib/hooks/useForm.js:531:10)
          at Field.componentDidMount (/Users/wagnertaiatella/repos/applyCopilot/frontend/node_modules/@rc-component/form/lib/Field.js:88:33)
          at Object.react_stack_bottom_frame (/Users/wagnertaiatella/repos/applyCopilot/frontend/node_modules/react-dom/cjs/react-dom-client.development.js:25927:22)
          at runWithFiberInDEV (/Users/wagnertaiatella/repos/applyCopilot/frontend/node_modules/react-dom/cjs/react-dom-client.development.js:874:13)
          at commitLayoutEffectOnFiber (/Users/wagnertaiatella/repos/applyCopilot/frontend/node_modules/react-dom/cjs/react-dom-client.development.js:13972:21)
          at recursivelyTraverseLayoutEffects (/Users/wagnertaiatella/repos/applyCopilot/frontend/node_modules/react-dom/cjs/react-dom-client.development.js:15159:11)
          at commitLayoutEffectOnFiber (/Users/wagnertaiatella/repos/applyCopilot/frontend/node_modules/react-dom/cjs/react-dom-client.development.js:13949:11)
          at recursivelyTraverseLayoutEffects (/Users/wagnertaiatella/repos/applyCopilot/frontend/node_modules/react-dom/cjs/react-dom-client.development.js:15159:11)
          at commitLayoutEffectOnFiber (/Users/wagnertaiatella/repos/applyCopilot/frontend/node_modules/react-dom/cjs/react-dom-client.development.js:13949:11)
          at recursivelyTraverseLayoutEffects (/Users/wagnertaiatella/repos/applyCopilot/frontend/node_modules/react-dom/cjs/react-dom-client.development.js:15159:11)
          at commitLayoutEffectOnFiber (/Users/wagnertaiatella/repos/applyCopilot/frontend/node_modules/react-dom/cjs/react-dom-client.development.js:14165:11)
          at recursivelyTraverseLayoutEffects (/Users/wagnertaiatella/repos/applyCopilot/frontend/node_modules/react-dom/cjs/react-dom-client.development.js:15159:11)
          at commitLayoutEffectOnFiber (/Users/wagnertaiatella/repos/applyCopilot/frontend/node_modules/react-dom/cjs/react-dom-client.development.js:14165:11)
          at recursivelyTraverseLayoutEffects (/Users/wagnertaiatella/repos/applyCopilot/frontend/node_modules/react-dom/cjs/react-dom-client.development.js:15159:11)
          at commitLayoutEffectOnFiber (/Users/wagnertaiatella/repos/applyCopilot/frontend/node_modules/react-dom/cjs/react-dom-client.development.js:14065:11)
          at recursivelyTraverseLayoutEffects (/Users/wagnertaiatella/repos/applyCopilot/frontend/node_modules/react-dom/cjs/react-dom-client.development.js:15159:11)
          at commitLayoutEffectOnFiber (/Users/wagnertaiatella/repos/applyCopilot/frontend/node_modules/react-dom/cjs/react-dom-client.development.js:13949:11)
          at recursivelyTraverseLayoutEffects (/Users/wagnertaiatella/repos/applyCopilot/frontend/node_modules/react-dom/cjs/react-dom-client.development.js:15159:11)
          at commitLayoutEffectOnFiber (/Users/wagnertaiatella/repos/applyCopilot/frontend/node_modules/react-dom/cjs/react-dom-client.development.js:14165:11)
          at recursivelyTraverseLayoutEffects (/Users/wagnertaiatella/repos/applyCopilot/frontend/node_modules/react-dom/cjs/react-dom-client.development.js:15159:11)
          at commitLayoutEffectOnFiber (/Users/wagnertaiatella/repos/applyCopilot/frontend/node_modules/react-dom/cjs/react-dom-client.development.js:13949:11)
          at recursivelyTraverseLayoutEffects (/Users/wagnertaiatella/repos/applyCopilot/frontend/node_modules/react-dom/cjs/react-dom-client.development.js:15159:11)
          at commitLayoutEffectOnFiber (/Users/wagnertaiatella/repos/applyCopilot/frontend/node_modules/react-dom/cjs/react-dom-client.development.js:14165:11)
          at recursivelyTraverseLayoutEffects (/Users/wagnertaiatella/repos/applyCopilot/frontend/node_modules/react-dom/cjs/react-dom-client.development.js:15159:11)
          at commitLayoutEffectOnFiber (/Users/wagnertaiatella/repos/applyCopilot/frontend/node_modules/react-dom/cjs/react-dom-client.development.js:14165:11)
          at recursivelyTraverseLayoutEffects (/Users/wagnertaiatella/repos/applyCopilot/frontend/node_modules/react-dom/cjs/react-dom-client.development.js:15159:11)
          at commitLayoutEffectOnFiber (/Users/wagnertaiatella/repos/applyCopilot/frontend/node_modules/react-dom/cjs/react-dom-client.development.js:13949:11)
          at recursivelyTraverseLayoutEffects (/Users/wagnertaiatella/repos/applyCopilot/frontend/node_modules/react-dom/cjs/react-dom-client.development.js:15159:11)
          at commitLayoutEffectOnFiber (/Users/wagnertaiatella/repos/applyCopilot/frontend/node_modules/react-dom/cjs/react-dom-client.development.js:13949:11)
          at recursivelyTraverseLayoutEffects (/Users/wagnertaiatella/repos/applyCopilot/frontend/node_modules/react-dom/cjs/react-dom-client.development.js:15159:11)
          at commitLayoutEffectOnFiber (/Users/wagnertaiatella/repos/applyCopilot/frontend/node_modules/react-dom/cjs/react-dom-client.development.js:14165:11)
          at recursivelyTraverseLayoutEffects (/Users/wagnertaiatella/repos/applyCopilot/frontend/node_modules/react-dom/cjs/react-dom-client.development.js:15159:11)
          at commitLayoutEffectOnFiber (/Users/wagnertaiatella/repos/applyCopilot/frontend/node_modules/react-dom/cjs/react-dom-client.development.js:14165:11)
          at recursivelyTraverseLayoutEffects (/Users/wagnertaiatella/repos/applyCopilot/frontend/node_modules/react-dom/cjs/react-dom-client.development.js:15159:11)
          at commitLayoutEffectOnFiber (/Users/wagnertaiatella/repos/applyCopilot/frontend/node_modules/react-dom/cjs/react-dom-client.development.js:13949:11)
          at recursivelyTraverseLayoutEffects (/Users/wagnertaiatella/repos/applyCopilot/frontend/node_modules/react-dom/cjs/react-dom-client.development.js:15159:11)
          at commitLayoutEffectOnFiber (/Users/wagnertaiatella/repos/applyCopilot/frontend/node_modules/react-dom/cjs/react-dom-client.development.js:14165:11)
          at recursivelyTraverseLayoutEffects (/Users/wagnertaiatella/repos/applyCopilot/frontend/node_modules/react-dom/cjs/react-dom-client.development.js:15159:11)
          at commitLayoutEffectOnFiber (/Users/wagnertaiatella/repos/applyCopilot/frontend/node_modules/react-dom/cjs/react-dom-client.development.js:13949:11)
          at recursivelyTraverseLayoutEffects (/Users/wagnertaiatella/repos/applyCopilot/frontend/node_modules/react-dom/cjs/react-dom-client.development.js:15159:11)
          at commitLayoutEffectOnFiber (/Users/wagnertaiatella/repos/applyCopilot/frontend/node_modules/react-dom/cjs/react-dom-client.development.js:14065:11)
          at recursivelyTraverseLayoutEffects (/Users/wagnertaiatella/repos/applyCopilot/frontend/node_modules/react-dom/cjs/react-dom-client.development.js:15159:11)
          at commitLayoutEffectOnFiber (/Users/wagnertaiatella/repos/applyCopilot/frontend/node_modules/react-dom/cjs/react-dom-client.development.js:14065:11)
          at recursivelyTraverseLayoutEffects (/Users/wagnertaiatella/repos/applyCopilot/frontend/node_modules/react-dom/cjs/react-dom-client.development.js:15159:11)
          at commitLayoutEffectOnFiber (/Users/wagnertaiatella/repos/applyCopilot/frontend/node_modules/react-dom/cjs/react-dom-client.development.js:13949:11)
          at recursivelyTraverseLayoutEffects (/Users/wagnertaiatella/repos/applyCopilot/frontend/node_modules/react-dom/cjs/react-dom-client.development.js:15159:11)
          at commitLayoutEffectOnFiber (/Users/wagnertaiatella/repos/applyCopilot/frontend/node_modules/react-dom/cjs/react-dom-client.development.js:13949:11)
          at recursivelyTraverseLayoutEffects (/Users/wagnertaiatella/repos/applyCopilot/frontend/node_modules/react-dom/cjs/react-dom-client.development.js:15159:11)
          at commitLayoutEffectOnFiber (/Users/wagnertaiatella/repos/applyCopilot/frontend/node_modules/react-dom/cjs/react-dom-client.development.js:14065:11)
          at recursivelyTraverseLayoutEffects (/Users/wagnertaiatella/repos/applyCopilot/frontend/node_modules/react-dom/cjs/react-dom-client.development.js:15159:11)
          at commitLayoutEffectOnFiber (/Users/wagnertaiatella/repos/applyCopilot/frontend/node_modules/react-dom/cjs/react-dom-client.development.js:13949:11)
          at recursivelyTraverseLayoutEffects (/Users/wagnertaiatella/repos/applyCopilot/frontend/node_modules/react-dom/cjs/react-dom-client.development.js:15159:11)
          at commitLayoutEffectOnFiber (/Users/wagnertaiatella/repos/applyCopilot/frontend/node_modules/react-dom/cjs/react-dom-client.development.js:14065:11)
          at recursivelyTraverseLayoutEffects (/Users/wagnertaiatella/repos/applyCopilot/frontend/node_modules/react-dom/cjs/react-dom-client.development.js:15159:11)
          at commitLayoutEffectOnFiber (/Users/wagnertaiatella/repos/applyCopilot/frontend/node_modules/react-dom/cjs/react-dom-client.development.js:13949:11)
          at recursivelyTraverseLayoutEffects (/Users/wagnertaiatella/repos/applyCopilot/frontend/node_modules/react-dom/cjs/react-dom-client.development.js:15159:11)
          at commitLayoutEffectOnFiber (/Users/wagnertaiatella/repos/applyCopilot/frontend/node_modules/react-dom/cjs/react-dom-client.development.js:13949:11)
          at recursivelyTraverseLayoutEffects (/Users/wagnertaiatella/repos/applyCopilot/frontend/node_modules/react-dom/cjs/react-dom-client.development.js:15159:11)
          at commitLayoutEffectOnFiber (/Users/wagnertaiatella/repos/applyCopilot/frontend/node_modules/react-dom/cjs/react-dom-client.development.js:14065:11)
          at recursivelyTraverseLayoutEffects (/Users/wagnertaiatella/repos/applyCopilot/frontend/node_modules/react-dom/cjs/react-dom-client.development.js:15159:11)
          at commitLayoutEffectOnFiber (/Users/wagnertaiatella/repos/applyCopilot/frontend/node_modules/react-dom/cjs/react-dom-client.development.js:13949:11)
          at recursivelyTraverseLayoutEffects (/Users/wagnertaiatella/repos/applyCopilot/frontend/node_modules/react-dom/cjs/react-dom-client.development.js:15159:11)
          at commitLayoutEffectOnFiber (/Users/wagnertaiatella/repos/applyCopilot/frontend/node_modules/react-dom/cjs/react-dom-client.development.js:14031:11)
          at flushLayoutEffects (/Users/wagnertaiatella/repos/applyCopilot/frontend/node_modules/react-dom/cjs/react-dom-client.development.js:18138:15)
          at commitRoot (/Users/wagnertaiatella/repos/applyCopilot/frontend/node_modules/react-dom/cjs/react-dom-client.development.js:17954:9)
          at performWorkOnRoot (/Users/wagnertaiatella/repos/applyCopilot/frontend/node_modules/react-dom/cjs/react-dom-client.development.js:16667:15)
          at performSyncWorkOnRoot (/Users/wagnertaiatella/repos/applyCopilot/frontend/node_modules/react-dom/cjs/react-dom-client.development.js:18972:7)
          at flushSyncWorkAcrossRoots_impl (/Users/wagnertaiatella/repos/applyCopilot/frontend/node_modules/react-dom/cjs/react-dom-client.development.js:18814:21)
          at processRootScheduleInMicrotask (/Users/wagnertaiatella/repos/applyCopilot/frontend/node_modules/react-dom/cjs/react-dom-client.development.js:18853:9)
          at /Users/wagnertaiatella/repos/applyCopilot/frontend/node_modules/react-dom/cjs/react-dom-client.development.js:18982:11
          at flushActQueue (/Users/wagnertaiatella/repos/applyCopilot/frontend/node_modules/react/cjs/react.development.js:590:34)
          at process.env.NODE_ENV.exports.act (/Users/wagnertaiatella/repos/applyCopilot/frontend/node_modules/react/cjs/react.development.js:884:10)
          at /Users/wagnertaiatella/repos/applyCopilot/frontend/node_modules/@testing-library/react/dist/act-compat.js:46:25
          at Object.eventWrapper (/Users/wagnertaiatella/repos/applyCopilot/frontend/node_modules/@testing-library/react/dist/pure.js:106:28)
          at fireEvent (/Users/wagnertaiatella/repos/applyCopilot/frontend/node_modules/@testing-library/dom/dist/events.js:12:35)
          at Function.fireEvent.<computed> [as click] (/Users/wagnertaiatella/repos/applyCopilot/frontend/node_modules/@testing-library/dom/dist/events.js:110:36)
          at Function.fireEvent.<computed> [as click] (/Users/wagnertaiatella/repos/applyCopilot/frontend/node_modules/@testing-library/react/dist/fire-event.js:15:52)
          at Object.click (/Users/wagnertaiatella/repos/applyCopilot/frontend/tests/unit/admin-config.test.tsx:38:17)
          at Promise.finally.completed (/Users/wagnertaiatella/repos/applyCopilot/frontend/node_modules/jest-circus/build/jestAdapterInit.js:1561:28)
          at new Promise (<anonymous>)
          at callAsyncCircusFn (/Users/wagnertaiatella/repos/applyCopilot/frontend/node_modules/jest-circus/build/jestAdapterInit.js:1501:10)
          at _callCircusTest (/Users/wagnertaiatella/repos/applyCopilot/frontend/node_modules/jest-circus/build/jestAdapterInit.js:1011:40)
          at _runTest (/Users/wagnertaiatella/repos/applyCopilot/frontend/node_modules/jest-circus/build/jestAdapterInit.js:951:3)
          at /Users/wagnertaiatella/repos/applyCopilot/frontend/node_modules/jest-circus/build/jestAdapterInit.js:853:7
          at _runTestsForDescribeBlock (/Users/wagnertaiatella/repos/applyCopilot/frontend/node_modules/jest-circus/build/jestAdapterInit.js:866:11)
          at _runTestsForDescribeBlock (/Users/wagnertaiatella/repos/applyCopilot/frontend/node_modules/jest-circus/build/jestAdapterInit.js:861:11)
          at run (/Users/wagnertaiatella/repos/applyCopilot/frontend/node_modules/jest-circus/build/jestAdapterInit.js:765:3)
          at runAndTransformResultsToJestFormat (/Users/wagnertaiatella/repos/applyCopilot/frontend/node_modules/jest-circus/build/jestAdapterInit.js:1993:21)
          at jestAdapter (/Users/wagnertaiatella/repos/applyCopilot/frontend/node_modules/jest-circus/build/runner.js:111:19)
          at runTestInternal (/Users/wagnertaiatella/repos/applyCopilot/frontend/node_modules/jest-runner/build/index.js:276:16)
          at runTest (/Users/wagnertaiatella/repos/applyCopilot/frontend/node_modules/jest-runner/build/index.js:344:7),
      ReferenceError: MessageChannel is not defined
          at macroTask (/Users/wagnertaiatella/repos/applyCopilot/frontend/node_modules/@rc-component/form/lib/hooks/useNotifyWatch.js:12:19)
          at WatcherCenter.doBatch (/Users/wagnertaiatella/repos/applyCopilot/frontend/node_modules/@rc-component/form/lib/hooks/useNotifyWatch.js:43:5)
          at WatcherCenter.notify (/Users/wagnertaiatella/repos/applyCopilot/frontend/node_modules/@rc-component/form/lib/hooks/useNotifyWatch.js:38:10)
          at FormStore.notifyWatch (/Users/wagnertaiatella/repos/applyCopilot/frontend/node_modules/@rc-component/form/lib/hooks/useForm.js:141:24)
          at registerField (/Users/wagnertaiatella/repos/applyCopilot/frontend/node_modules/@rc-component/form/lib/hooks/useForm.js:531:10)
          at Field.componentDidMount (/Users/wagnertaiatella/repos/applyCopilot/frontend/node_modules/@rc-component/form/lib/Field.js:88:33)
          at Object.react_stack_bottom_frame (/Users/wagnertaiatella/repos/applyCopilot/frontend/node_modules/react-dom/cjs/react-dom-client.development.js:25927:22)
          at runWithFiberInDEV (/Users/wagnertaiatella/repos/applyCopilot/frontend/node_modules/react-dom/cjs/react-dom-client.development.js:874:13)
          at commitLayoutEffectOnFiber (/Users/wagnertaiatella/repos/applyCopilot/frontend/node_modules/react-dom/cjs/react-dom-client.development.js:13972:21)
          at recursivelyTraverseLayoutEffects (/Users/wagnertaiatella/repos/applyCopilot/frontend/node_modules/react-dom/cjs/react-dom-client.development.js:15159:11)
          at commitLayoutEffectOnFiber (/Users/wagnertaiatella/repos/applyCopilot/frontend/node_modules/react-dom/cjs/react-dom-client.development.js:13949:11)
          at recursivelyTraverseLayoutEffects (/Users/wagnertaiatella/repos/applyCopilot/frontend/node_modules/react-dom/cjs/react-dom-client.development.js:15159:11)
          at commitLayoutEffectOnFiber (/Users/wagnertaiatella/repos/applyCopilot/frontend/node_modules/react-dom/cjs/react-dom-client.development.js:13949:11)
          at recursivelyTraverseLayoutEffects (/Users/wagnertaiatella/repos/applyCopilot/frontend/node_modules/react-dom/cjs/react-dom-client.development.js:15159:11)
          at commitLayoutEffectOnFiber (/Users/wagnertaiatella/repos/applyCopilot/frontend/node_modules/react-dom/cjs/react-dom-client.development.js:14165:11)
          at recursivelyTraverseLayoutEffects (/Users/wagnertaiatella/repos/applyCopilot/frontend/node_modules/react-dom/cjs/react-dom-client.development.js:15159:11)
          at commitLayoutEffectOnFiber (/Users/wagnertaiatella/repos/applyCopilot/frontend/node_modules/react-dom/cjs/react-dom-client.development.js:14165:11)
          at recursivelyTraverseLayoutEffects (/Users/wagnertaiatella/repos/applyCopilot/frontend/node_modules/react-dom/cjs/react-dom-client.development.js:15159:11)
          at commitLayoutEffectOnFiber (/Users/wagnertaiatella/repos/applyCopilot/frontend/node_modules/react-dom/cjs/react-dom-client.development.js:14065:11)
          at recursivelyTraverseLayoutEffects (/Users/wagnertaiatella/repos/applyCopilot/frontend/node_modules/react-dom/cjs/react-dom-client.development.js:15159:11)
          at commitLayoutEffectOnFiber (/Users/wagnertaiatella/repos/applyCopilot/frontend/node_modules/react-dom/cjs/react-dom-client.development.js:13949:11)
          at recursivelyTraverseLayoutEffects (/Users/wagnertaiatella/repos/applyCopilot/frontend/node_modules/react-dom/cjs/react-dom-client.development.js:15159:11)
          at commitLayoutEffectOnFiber (/Users/wagnertaiatella/repos/applyCopilot/frontend/node_modules/react-dom/cjs/react-dom-client.development.js:14165:11)
          at recursivelyTraverseLayoutEffects (/Users/wagnertaiatella/repos/applyCopilot/frontend/node_modules/react-dom/cjs/react-dom-client.development.js:15159:11)
          at commitLayoutEffectOnFiber (/Users/wagnertaiatella/repos/applyCopilot/frontend/node_modules/react-dom/cjs/react-dom-client.development.js:13949:11)
          at recursivelyTraverseLayoutEffects (/Users/wagnertaiatella/repos/applyCopilot/frontend/node_modules/react-dom/cjs/react-dom-client.development.js:15159:11)
          at commitLayoutEffectOnFiber (/Users/wagnertaiatella/repos/applyCopilot/frontend/node_modules/react-dom/cjs/react-dom-client.development.js:14165:11)
          at recursivelyTraverseLayoutEffects (/Users/wagnertaiatella/repos/applyCopilot/frontend/node_modules/react-dom/cjs/react-dom-client.development.js:15159:11)
          at commitLayoutEffectOnFiber (/Users/wagnertaiatella/repos/applyCopilot/frontend/node_modules/react-dom/cjs/react-dom-client.development.js:14165:11)
          at recursivelyTraverseLayoutEffects (/Users/wagnertaiatella/repos/applyCopilot/frontend/node_modules/react-dom/cjs/react-dom-client.development.js:15159:11)
          at commitLayoutEffectOnFiber (/Users/wagnertaiatella/repos/applyCopilot/frontend/node_modules/react-dom/cjs/react-dom-client.development.js:13949:11)
          at recursivelyTraverseLayoutEffects (/Users/wagnertaiatella/repos/applyCopilot/frontend/node_modules/react-dom/cjs/react-dom-client.development.js:15159:11)
          at commitLayoutEffectOnFiber (/Users/wagnertaiatella/repos/applyCopilot/frontend/node_modules/react-dom/cjs/react-dom-client.development.js:13949:11)
          at recursivelyTraverseLayoutEffects (/Users/wagnertaiatella/repos/applyCopilot/frontend/node_modules/react-dom/cjs/react-dom-client.development.js:15159:11)
          at commitLayoutEffectOnFiber (/Users/wagnertaiatella/repos/applyCopilot/frontend/node_modules/react-dom/cjs/react-dom-client.development.js:14165:11)
          at recursivelyTraverseLayoutEffects (/Users/wagnertaiatella/repos/applyCopilot/frontend/node_modules/react-dom/cjs/react-dom-client.development.js:15159:11)
          at commitLayoutEffectOnFiber (/Users/wagnertaiatella/repos/applyCopilot/frontend/node_modules/react-dom/cjs/react-dom-client.development.js:14165:11)
          at recursivelyTraverseLayoutEffects (/Users/wagnertaiatella/repos/applyCopilot/frontend/node_modules/react-dom/cjs/react-dom-client.development.js:15159:11)
          at commitLayoutEffectOnFiber (/Users/wagnertaiatella/repos/applyCopilot/frontend/node_modules/react-dom/cjs/react-dom-client.development.js:13949:11)
          at recursivelyTraverseLayoutEffects (/Users/wagnertaiatella/repos/applyCopilot/frontend/node_modules/react-dom/cjs/react-dom-client.development.js:15159:11)
          at commitLayoutEffectOnFiber (/Users/wagnertaiatella/repos/applyCopilot/frontend/node_modules/react-dom/cjs/react-dom-client.development.js:14165:11)
          at recursivelyTraverseLayoutEffects (/Users/wagnertaiatella/repos/applyCopilot/frontend/node_modules/react-dom/cjs/react-dom-client.development.js:15159:11)
          at commitLayoutEffectOnFiber (/Users/wagnertaiatella/repos/applyCopilot/frontend/node_modules/react-dom/cjs/react-dom-client.development.js:13949:11)
          at recursivelyTraverseLayoutEffects (/Users/wagnertaiatella/repos/applyCopilot/frontend/node_modules/react-dom/cjs/react-dom-client.development.js:15159:11)
          at commitLayoutEffectOnFiber (/Users/wagnertaiatella/repos/applyCopilot/frontend/node_modules/react-dom/cjs/react-dom-client.development.js:14065:11)
          at recursivelyTraverseLayoutEffects (/Users/wagnertaiatella/repos/applyCopilot/frontend/node_modules/react-dom/cjs/react-dom-client.development.js:15159:11)
          at commitLayoutEffectOnFiber (/Users/wagnertaiatella/repos/applyCopilot/frontend/node_modules/react-dom/cjs/react-dom-client.development.js:14065:11)
          at recursivelyTraverseLayoutEffects (/Users/wagnertaiatella/repos/applyCopilot/frontend/node_modules/react-dom/cjs/react-dom-client.development.js:15159:11)
          at commitLayoutEffectOnFiber (/Users/wagnertaiatella/repos/applyCopilot/frontend/node_modules/react-dom/cjs/react-dom-client.development.js:13949:11)
          at recursivelyTraverseLayoutEffects (/Users/wagnertaiatella/repos/applyCopilot/frontend/node_modules/react-dom/cjs/react-dom-client.development.js:15159:11)
          at commitLayoutEffectOnFiber (/Users/wagnertaiatella/repos/applyCopilot/frontend/node_modules/react-dom/cjs/react-dom-client.development.js:13949:11)
          at recursivelyTraverseLayoutEffects (/Users/wagnertaiatella/repos/applyCopilot/frontend/node_modules/react-dom/cjs/react-dom-client.development.js:15159:11)
          at commitLayoutEffectOnFiber (/Users/wagnertaiatella/repos/applyCopilot/frontend/node_modules/react-dom/cjs/react-dom-client.development.js:14065:11)
          at recursivelyTraverseLayoutEffects (/Users/wagnertaiatella/repos/applyCopilot/frontend/node_modules/react-dom/cjs/react-dom-client.development.js:15159:11)
          at commitLayoutEffectOnFiber (/Users/wagnertaiatella/repos/applyCopilot/frontend/node_modules/react-dom/cjs/react-dom-client.development.js:13949:11)
          at recursivelyTraverseLayoutEffects (/Users/wagnertaiatella/repos/applyCopilot/frontend/node_modules/react-dom/cjs/react-dom-client.development.js:15159:11)
          at commitLayoutEffectOnFiber (/Users/wagnertaiatella/repos/applyCopilot/frontend/node_modules/react-dom/cjs/react-dom-client.development.js:14065:11)
          at recursivelyTraverseLayoutEffects (/Users/wagnertaiatella/repos/applyCopilot/frontend/node_modules/react-dom/cjs/react-dom-client.development.js:15159:11)
          at commitLayoutEffectOnFiber (/Users/wagnertaiatella/repos/applyCopilot/frontend/node_modules/react-dom/cjs/react-dom-client.development.js:13949:11)
          at recursivelyTraverseLayoutEffects (/Users/wagnertaiatella/repos/applyCopilot/frontend/node_modules/react-dom/cjs/react-dom-client.development.js:15159:11)
          at commitLayoutEffectOnFiber (/Users/wagnertaiatella/repos/applyCopilot/frontend/node_modules/react-dom/cjs/react-dom-client.development.js:13949:11)
          at recursivelyTraverseLayoutEffects (/Users/wagnertaiatella/repos/applyCopilot/frontend/node_modules/react-dom/cjs/react-dom-client.development.js:15159:11)
          at commitLayoutEffectOnFiber (/Users/wagnertaiatella/repos/applyCopilot/frontend/node_modules/react-dom/cjs/react-dom-client.development.js:14065:11)
          at recursivelyTraverseLayoutEffects (/Users/wagnertaiatella/repos/applyCopilot/frontend/node_modules/react-dom/cjs/react-dom-client.development.js:15159:11)
          at commitLayoutEffectOnFiber (/Users/wagnertaiatella/repos/applyCopilot/frontend/node_modules/react-dom/cjs/react-dom-client.development.js:13949:11)
          at recursivelyTraverseLayoutEffects (/Users/wagnertaiatella/repos/applyCopilot/frontend/node_modules/react-dom/cjs/react-dom-client.development.js:15159:11)
          at commitLayoutEffectOnFiber (/Users/wagnertaiatella/repos/applyCopilot/frontend/node_modules/react-dom/cjs/react-dom-client.development.js:14031:11)
          at flushLayoutEffects (/Users/wagnertaiatella/repos/applyCopilot/frontend/node_modules/react-dom/cjs/react-dom-client.development.js:18138:15)
          at commitRoot (/Users/wagnertaiatella/repos/applyCopilot/frontend/node_modules/react-dom/cjs/react-dom-client.development.js:17954:9)
          at performWorkOnRoot (/Users/wagnertaiatella/repos/applyCopilot/frontend/node_modules/react-dom/cjs/react-dom-client.development.js:16667:15)
          at performSyncWorkOnRoot (/Users/wagnertaiatella/repos/applyCopilot/frontend/node_modules/react-dom/cjs/react-dom-client.development.js:18972:7)
          at flushSyncWorkAcrossRoots_impl (/Users/wagnertaiatella/repos/applyCopilot/frontend/node_modules/react-dom/cjs/react-dom-client.development.js:18814:21)
          at processRootScheduleInMicrotask (/Users/wagnertaiatella/repos/applyCopilot/frontend/node_modules/react-dom/cjs/react-dom-client.development.js:18853:9)
          at /Users/wagnertaiatella/repos/applyCopilot/frontend/node_modules/react-dom/cjs/react-dom-client.development.js:18982:11
          at flushActQueue (/Users/wagnertaiatella/repos/applyCopilot/frontend/node_modules/react/cjs/react.development.js:590:34)
          at process.env.NODE_ENV.exports.act (/Users/wagnertaiatella/repos/applyCopilot/frontend/node_modules/react/cjs/react.development.js:884:10)
          at /Users/wagnertaiatella/repos/applyCopilot/frontend/node_modules/@testing-library/react/dist/act-compat.js:46:25
          at Object.eventWrapper (/Users/wagnertaiatella/repos/applyCopilot/frontend/node_modules/@testing-library/react/dist/pure.js:106:28)
          at fireEvent (/Users/wagnertaiatella/repos/applyCopilot/frontend/node_modules/@testing-library/dom/dist/events.js:12:35)
          at Function.fireEvent.<computed> [as click] (/Users/wagnertaiatella/repos/applyCopilot/frontend/node_modules/@testing-library/dom/dist/events.js:110:36)
          at Function.fireEvent.<computed> [as click] (/Users/wagnertaiatella/repos/applyCopilot/frontend/node_modules/@testing-library/react/dist/fire-event.js:15:52)
          at Object.click (/Users/wagnertaiatella/repos/applyCopilot/frontend/tests/unit/admin-config.test.tsx:38:17)
          at Promise.finally.completed (/Users/wagnertaiatella/repos/applyCopilot/frontend/node_modules/jest-circus/build/jestAdapterInit.js:1561:28)
          at new Promise (<anonymous>)
          at callAsyncCircusFn (/Users/wagnertaiatella/repos/applyCopilot/frontend/node_modules/jest-circus/build/jestAdapterInit.js:1501:10)
          at _callCircusTest (/Users/wagnertaiatella/repos/applyCopilot/frontend/node_modules/jest-circus/build/jestAdapterInit.js:1011:40)
          at _runTest (/Users/wagnertaiatella/repos/applyCopilot/frontend/node_modules/jest-circus/build/jestAdapterInit.js:951:3)
          at /Users/wagnertaiatella/repos/applyCopilot/frontend/node_modules/jest-circus/build/jestAdapterInit.js:853:7
          at _runTestsForDescribeBlock (/Users/wagnertaiatella/repos/applyCopilot/frontend/node_modules/jest-circus/build/jestAdapterInit.js:866:11)
          at _runTestsForDescribeBlock (/Users/wagnertaiatella/repos/applyCopilot/frontend/node_modules/jest-circus/build/jestAdapterInit.js:861:11)
          at run (/Users/wagnertaiatella/repos/applyCopilot/frontend/node_modules/jest-circus/build/jestAdapterInit.js:765:3)
          at runAndTransformResultsToJestFormat (/Users/wagnertaiatella/repos/applyCopilot/frontend/node_modules/jest-circus/build/jestAdapterInit.js:1993:21)
          at jestAdapter (/Users/wagnertaiatella/repos/applyCopilot/frontend/node_modules/jest-circus/build/runner.js:111:19)
          at runTestInternal (/Users/wagnertaiatella/repos/applyCopilot/frontend/node_modules/jest-runner/build/index.js:276:16)
          at runTest (/Users/wagnertaiatella/repos/applyCopilot/frontend/node_modules/jest-runner/build/index.js:344:7),
      ReferenceError: MessageChannel is not defined
          at macroTask (/Users/wagnertaiatella/repos/applyCopilot/frontend/node_modules/@rc-component/form/lib/hooks/useNotifyWatch.js:12:19)
          at WatcherCenter.doBatch (/Users/wagnertaiatella/repos/applyCopilot/frontend/node_modules/@rc-component/form/lib/hooks/useNotifyWatch.js:43:5)
          at WatcherCenter.notify (/Users/wagnertaiatella/repos/applyCopilot/frontend/node_modules/@rc-component/form/lib/hooks/useNotifyWatch.js:38:10)
          at FormStore.notifyWatch (/Users/wagnertaiatella/repos/applyCopilot/frontend/node_modules/@rc-component/form/lib/hooks/useForm.js:141:24)
          at registerField (/Users/wagnertaiatella/repos/applyCopilot/frontend/node_modules/@rc-component/form/lib/hooks/useForm.js:531:10)
          at Field.componentDidMount (/Users/wagnertaiatella/repos/applyCopilot/frontend/node_modules/@rc-component/form/lib/Field.js:88:33)
          at Object.react_stack_bottom_frame (/Users/wagnertaiatella/repos/applyCopilot/frontend/node_modules/react-dom/cjs/react-dom-client.development.js:25927:22)
          at runWithFiberInDEV (/Users/wagnertaiatella/repos/applyCopilot/frontend/node_modules/react-dom/cjs/react-dom-client.development.js:874:13)
          at commitLayoutEffectOnFiber (/Users/wagnertaiatella/repos/applyCopilot/frontend/node_modules/react-dom/cjs/react-dom-client.development.js:13972:21)
          at recursivelyTraverseLayoutEffects (/Users/wagnertaiatella/repos/applyCopilot/frontend/node_modules/react-dom/cjs/react-dom-client.development.js:15159:11)
          at commitLayoutEffectOnFiber (/Users/wagnertaiatella/repos/applyCopilot/frontend/node_modules/react-dom/cjs/react-dom-client.development.js:13949:11)
          at recursivelyTraverseLayoutEffects (/Users/wagnertaiatella/repos/applyCopilot/frontend/node_modules/react-dom/cjs/react-dom-client.development.js:15159:11)
          at commitLayoutEffectOnFiber (/Users/wagnertaiatella/repos/applyCopilot/frontend/node_modules/react-dom/cjs/react-dom-client.development.js:13949:11)
          at recursivelyTraverseLayoutEffects (/Users/wagnertaiatella/repos/applyCopilot/frontend/node_modules/react-dom/cjs/react-dom-client.development.js:15159:11)
          at commitLayoutEffectOnFiber (/Users/wagnertaiatella/repos/applyCopilot/frontend/node_modules/react-dom/cjs/react-dom-client.development.js:14165:11)
          at recursivelyTraverseLayoutEffects (/Users/wagnertaiatella/repos/applyCopilot/frontend/node_modules/react-dom/cjs/react-dom-client.development.js:15159:11)
          at commitLayoutEffectOnFiber (/Users/wagnertaiatella/repos/applyCopilot/frontend/node_modules/react-dom/cjs/react-dom-client.development.js:14165:11)
          at recursivelyTraverseLayoutEffects (/Users/wagnertaiatella/repos/applyCopilot/frontend/node_modules/react-dom/cjs/react-dom-client.development.js:15159:11)
          at commitLayoutEffectOnFiber (/Users/wagnertaiatella/repos/applyCopilot/frontend/node_modules/react-dom/cjs/react-dom-client.development.js:14065:11)
          at recursivelyTraverseLayoutEffects (/Users/wagnertaiatella/repos/applyCopilot/frontend/node_modules/react-dom/cjs/react-dom-client.development.js:15159:11)
          at commitLayoutEffectOnFiber (/Users/wagnertaiatella/repos/applyCopilot/frontend/node_modules/react-dom/cjs/react-dom-client.development.js:13949:11)
          at recursivelyTraverseLayoutEffects (/Users/wagnertaiatella/repos/applyCopilot/frontend/node_modules/react-dom/cjs/react-dom-client.development.js:15159:11)
          at commitLayoutEffectOnFiber (/Users/wagnertaiatella/repos/applyCopilot/frontend/node_modules/react-dom/cjs/react-dom-client.development.js:14165:11)
          at recursivelyTraverseLayoutEffects (/Users/wagnertaiatella/repos/applyCopilot/frontend/node_modules/react-dom/cjs/react-dom-client.development.js:15159:11)
          at commitLayoutEffectOnFiber (/Users/wagnertaiatella/repos/applyCopilot/frontend/node_modules/react-dom/cjs/react-dom-client.development.js:13949:11)
          at recursivelyTraverseLayoutEffects (/Users/wagnertaiatella/repos/applyCopilot/frontend/node_modules/react-dom/cjs/react-dom-client.development.js:15159:11)
          at commitLayoutEffectOnFiber (/Users/wagnertaiatella/repos/applyCopilot/frontend/node_modules/react-dom/cjs/react-dom-client.development.js:14165:11)
          at recursivelyTraverseLayoutEffects (/Users/wagnertaiatella/repos/applyCopilot/frontend/node_modules/react-dom/cjs/react-dom-client.development.js:15159:11)
          at commitLayoutEffectOnFiber (/Users/wagnertaiatella/repos/applyCopilot/frontend/node_modules/react-dom/cjs/react-dom-client.development.js:14165:11)
          at recursivelyTraverseLayoutEffects (/Users/wagnertaiatella/repos/applyCopilot/frontend/node_modules/react-dom/cjs/react-dom-client.development.js:15159:11)
          at commitLayoutEffectOnFiber (/Users/wagnertaiatella/repos/applyCopilot/frontend/node_modules/react-dom/cjs/react-dom-client.development.js:13949:11)
          at recursivelyTraverseLayoutEffects (/Users/wagnertaiatella/repos/applyCopilot/frontend/node_modules/react-dom/cjs/react-dom-client.development.js:15159:11)
          at commitLayoutEffectOnFiber (/Users/wagnertaiatella/repos/applyCopilot/frontend/node_modules/react-dom/cjs/react-dom-client.development.js:13949:11)
          at recursivelyTraverseLayoutEffects (/Users/wagnertaiatella/repos/applyCopilot/frontend/node_modules/react-dom/cjs/react-dom-client.development.js:15159:11)
          at commitLayoutEffectOnFiber (/Users/wagnertaiatella/repos/applyCopilot/frontend/node_modules/react-dom/cjs/react-dom-client.development.js:14165:11)
          at recursivelyTraverseLayoutEffects (/Users/wagnertaiatella/repos/applyCopilot/frontend/node_modules/react-dom/cjs/react-dom-client.development.js:15159:11)
          at commitLayoutEffectOnFiber (/Users/wagnertaiatella/repos/applyCopilot/frontend/node_modules/react-dom/cjs/react-dom-client.development.js:14165:11)
          at recursivelyTraverseLayoutEffects (/Users/wagnertaiatella/repos/applyCopilot/frontend/node_modules/react-dom/cjs/react-dom-client.development.js:15159:11)
          at commitLayoutEffectOnFiber (/Users/wagnertaiatella/repos/applyCopilot/frontend/node_modules/react-dom/cjs/react-dom-client.development.js:13949:11)
          at recursivelyTraverseLayoutEffects (/Users/wagnertaiatella/repos/applyCopilot/frontend/node_modules/react-dom/cjs/react-dom-client.development.js:15159:11)
          at commitLayoutEffectOnFiber (/Users/wagnertaiatella/repos/applyCopilot/frontend/node_modules/react-dom/cjs/react-dom-client.development.js:14165:11)
          at recursivelyTraverseLayoutEffects (/Users/wagnertaiatella/repos/applyCopilot/frontend/node_modules/react-dom/cjs/react-dom-client.development.js:15159:11)
          at commitLayoutEffectOnFiber (/Users/wagnertaiatella/repos/applyCopilot/frontend/node_modules/react-dom/cjs/react-dom-client.development.js:13949:11)
          at recursivelyTraverseLayoutEffects (/Users/wagnertaiatella/repos/applyCopilot/frontend/node_modules/react-dom/cjs/react-dom-client.development.js:15159:11)
          at commitLayoutEffectOnFiber (/Users/wagnertaiatella/repos/applyCopilot/frontend/node_modules/react-dom/cjs/react-dom-client.development.js:14065:11)
          at recursivelyTraverseLayoutEffects (/Users/wagnertaiatella/repos/applyCopilot/frontend/node_modules/react-dom/cjs/react-dom-client.development.js:15159:11)
          at commitLayoutEffectOnFiber (/Users/wagnertaiatella/repos/applyCopilot/frontend/node_modules/react-dom/cjs/react-dom-client.development.js:14065:11)
          at recursivelyTraverseLayoutEffects (/Users/wagnertaiatella/repos/applyCopilot/frontend/node_modules/react-dom/cjs/react-dom-client.development.js:15159:11)
          at commitLayoutEffectOnFiber (/Users/wagnertaiatella/repos/applyCopilot/frontend/node_modules/react-dom/cjs/react-dom-client.development.js:13949:11)
          at recursivelyTraverseLayoutEffects (/Users/wagnertaiatella/repos/applyCopilot/frontend/node_modules/react-dom/cjs/react-dom-client.development.js:15159:11)
          at commitLayoutEffectOnFiber (/Users/wagnertaiatella/repos/applyCopilot/frontend/node_modules/react-dom/cjs/react-dom-client.development.js:13949:11)
          at recursivelyTraverseLayoutEffects (/Users/wagnertaiatella/repos/applyCopilot/frontend/node_modules/react-dom/cjs/react-dom-client.development.js:15159:11)
          at commitLayoutEffectOnFiber (/Users/wagnertaiatella/repos/applyCopilot/frontend/node_modules/react-dom/cjs/react-dom-client.development.js:14065:11)
          at recursivelyTraverseLayoutEffects (/Users/wagnertaiatella/repos/applyCopilot/frontend/node_modules/react-dom/cjs/react-dom-client.development.js:15159:11)
          at commitLayoutEffectOnFiber (/Users/wagnertaiatella/repos/applyCopilot/frontend/node_modules/react-dom/cjs/react-dom-client.development.js:13949:11)
          at recursivelyTraverseLayoutEffects (/Users/wagnertaiatella/repos/applyCopilot/frontend/node_modules/react-dom/cjs/react-dom-client.development.js:15159:11)
          at commitLayoutEffectOnFiber (/Users/wagnertaiatella/repos/applyCopilot/frontend/node_modules/react-dom/cjs/react-dom-client.development.js:14065:11)
          at recursivelyTraverseLayoutEffects (/Users/wagnertaiatella/repos/applyCopilot/frontend/node_modules/react-dom/cjs/react-dom-client.development.js:15159:11)
          at commitLayoutEffectOnFiber (/Users/wagnertaiatella/repos/applyCopilot/frontend/node_modules/react-dom/cjs/react-dom-client.development.js:13949:11)
          at recursivelyTraverseLayoutEffects (/Users/wagnertaiatella/repos/applyCopilot/frontend/node_modules/react-dom/cjs/react-dom-client.development.js:15159:11)
          at commitLayoutEffectOnFiber (/Users/wagnertaiatella/repos/applyCopilot/frontend/node_modules/react-dom/cjs/react-dom-client.development.js:13949:11)
          at recursivelyTraverseLayoutEffects (/Users/wagnertaiatella/repos/applyCopilot/frontend/node_modules/react-dom/cjs/react-dom-client.development.js:15159:11)
          at commitLayoutEffectOnFiber (/Users/wagnertaiatella/repos/applyCopilot/frontend/node_modules/react-dom/cjs/react-dom-client.development.js:14065:11)
          at recursivelyTraverseLayoutEffects (/Users/wagnertaiatella/repos/applyCopilot/frontend/node_modules/react-dom/cjs/react-dom-client.development.js:15159:11)
          at commitLayoutEffectOnFiber (/Users/wagnertaiatella/repos/applyCopilot/frontend/node_modules/react-dom/cjs/react-dom-client.development.js:13949:11)
          at recursivelyTraverseLayoutEffects (/Users/wagnertaiatella/repos/applyCopilot/frontend/node_modules/react-dom/cjs/react-dom-client.development.js:15159:11)
          at commitLayoutEffectOnFiber (/Users/wagnertaiatella/repos/applyCopilot/frontend/node_modules/react-dom/cjs/react-dom-client.development.js:14031:11)
          at flushLayoutEffects (/Users/wagnertaiatella/repos/applyCopilot/frontend/node_modules/react-dom/cjs/react-dom-client.development.js:18138:15)
          at commitRoot (/Users/wagnertaiatella/repos/applyCopilot/frontend/node_modules/react-dom/cjs/react-dom-client.development.js:17954:9)
          at performWorkOnRoot (/Users/wagnertaiatella/repos/applyCopilot/frontend/node_modules/react-dom/cjs/react-dom-client.development.js:16667:15)
          at performSyncWorkOnRoot (/Users/wagnertaiatella/repos/applyCopilot/frontend/node_modules/react-dom/cjs/react-dom-client.development.js:18972:7)
          at flushSyncWorkAcrossRoots_impl (/Users/wagnertaiatella/repos/applyCopilot/frontend/node_modules/react-dom/cjs/react-dom-client.development.js:18814:21)
          at processRootScheduleInMicrotask (/Users/wagnertaiatella/repos/applyCopilot/frontend/node_modules/react-dom/cjs/react-dom-client.development.js:18853:9)
          at /Users/wagnertaiatella/repos/applyCopilot/frontend/node_modules/react-dom/cjs/react-dom-client.development.js:18982:11
          at flushActQueue (/Users/wagnertaiatella/repos/applyCopilot/frontend/node_modules/react/cjs/react.development.js:590:34)
          at process.env.NODE_ENV.exports.act (/Users/wagnertaiatella/repos/applyCopilot/frontend/node_modules/react/cjs/react.development.js:884:10)
          at /Users/wagnertaiatella/repos/applyCopilot/frontend/node_modules/@testing-library/react/dist/act-compat.js:46:25
          at Object.eventWrapper (/Users/wagnertaiatella/repos/applyCopilot/frontend/node_modules/@testing-library/react/dist/pure.js:106:28)
          at fireEvent (/Users/wagnertaiatella/repos/applyCopilot/frontend/node_modules/@testing-library/dom/dist/events.js:12:35)
          at Function.fireEvent.<computed> [as click] (/Users/wagnertaiatella/repos/applyCopilot/frontend/node_modules/@testing-library/dom/dist/events.js:110:36)
          at Function.fireEvent.<computed> [as click] (/Users/wagnertaiatella/repos/applyCopilot/frontend/node_modules/@testing-library/react/dist/fire-event.js:15:52)
          at Object.click (/Users/wagnertaiatella/repos/applyCopilot/frontend/tests/unit/admin-config.test.tsx:38:17)
          at Promise.finally.completed (/Users/wagnertaiatella/repos/applyCopilot/frontend/node_modules/jest-circus/build/jestAdapterInit.js:1561:28)
          at new Promise (<anonymous>)
          at callAsyncCircusFn (/Users/wagnertaiatella/repos/applyCopilot/frontend/node_modules/jest-circus/build/jestAdapterInit.js:1501:10)
          at _callCircusTest (/Users/wagnertaiatella/repos/applyCopilot/frontend/node_modules/jest-circus/build/jestAdapterInit.js:1011:40)
          at _runTest (/Users/wagnertaiatella/repos/applyCopilot/frontend/node_modules/jest-circus/build/jestAdapterInit.js:951:3)
          at /Users/wagnertaiatella/repos/applyCopilot/frontend/node_modules/jest-circus/build/jestAdapterInit.js:853:7
          at _runTestsForDescribeBlock (/Users/wagnertaiatella/repos/applyCopilot/frontend/node_modules/jest-circus/build/jestAdapterInit.js:866:11)
          at _runTestsForDescribeBlock (/Users/wagnertaiatella/repos/applyCopilot/frontend/node_modules/jest-circus/build/jestAdapterInit.js:861:11)
          at run (/Users/wagnertaiatella/repos/applyCopilot/frontend/node_modules/jest-circus/build/jestAdapterInit.js:765:3)
          at runAndTransformResultsToJestFormat (/Users/wagnertaiatella/repos/applyCopilot/frontend/node_modules/jest-circus/build/jestAdapterInit.js:1993:21)
          at jestAdapter (/Users/wagnertaiatella/repos/applyCopilot/frontend/node_modules/jest-circus/build/runner.js:111:19)
          at runTestInternal (/Users/wagnertaiatella/repos/applyCopilot/frontend/node_modules/jest-runner/build/index.js:276:16)
          at runTest (/Users/wagnertaiatella/repos/applyCopilot/frontend/node_modules/jest-runner/build/index.js:344:7)
    ]

      105 |       return
      106 |     }
    > 107 |     originalError.call(console, ...args)
          |                   ^
      108 |   }
      109 | })
      110 |

      at console.call [as error] (jest.setup.js:107:19)
      at Object.error (tests/unit/admin-config.test.tsx:46:17)

FAIL tests/unit/admin-config.test.tsx
  LLMSettingsPanel Unit Tests
    ✕ should render collapsed panel and show contents on expand (151 ms)
    ✕ should submit the form with new values when Save is clicked (39 ms)

  ● LLMSettingsPanel Unit Tests › should render collapsed panel and show contents on expand

    AggregateError:

      36 |
      37 |       // In Ant Design, the panel can be expanded by clicking the header
    > 38 |       fireEvent.click(header);
         |                 ^
      39 |
      40 |       // Form fields are visible after expanding
      41 |       expect(screen.getByText("Default Provider")).toBeInTheDocument();

      at aggregateErrors (node_modules/react/cjs/react.development.js:551:11)
      at process.env.NODE_ENV.exports.act (node_modules/react/cjs/react.development.js:897:24)
      at node_modules/@testing-library/react/dist/act-compat.js:46:25
      at Object.eventWrapper (node_modules/@testing-library/react/dist/pure.js:106:28)
      at fireEvent (node_modules/@testing-library/dom/dist/events.js:12:35)
      at Function.fireEvent.<computed> [as click] (node_modules/@testing-library/dom/dist/events.js:110:36)
      at Function.fireEvent.<computed> [as click] (node_modules/@testing-library/react/dist/fire-event.js:15:52)
      at Object.click (tests/unit/admin-config.test.tsx:38:17)

  ● LLMSettingsPanel Unit Tests › should submit the form with new values when Save is clicked

    AggregateError:

      62 |     // Expand panel
      63 |     const header = screen.getByText("LLM Models");
    > 64 |     fireEvent.click(header);
         |               ^
      65 |
      66 |     // Click Save Configuration
      67 |     const saveButton = screen.getByText("Save Configuration");

      at aggregateErrors (node_modules/react/cjs/react.development.js:551:11)
      at process.env.NODE_ENV.exports.act (node_modules/react/cjs/react.development.js:897:24)
      at node_modules/@testing-library/react/dist/act-compat.js:46:25
      at Object.eventWrapper (node_modules/@testing-library/react/dist/pure.js:106:28)
      at fireEvent (node_modules/@testing-library/dom/dist/events.js:12:35)
      at Function.fireEvent.<computed> [as click] (node_modules/@testing-library/dom/dist/events.js:110:36)
      at Function.fireEvent.<computed> [as click] (node_modules/@testing-library/react/dist/fire-event.js:15:52)
      at Object.click (tests/unit/admin-config.test.tsx:64:15)

Test Suites: 1 failed, 1 total
Tests:       2 failed, 2 total
Snapshots:   0 total
Time:        0.673 s, estimated 1 s
Ran all test suites matching tests/unit/admin-config.test.tsx.
